<?xml version="1.0" encoding="UTF-8"?>
<TestRun id="da93d0a8-5389-43f1-b143-30eeb3c503a7" name="william.rego@WILLIAMREGO-PC 2012-11-16 01:08:30" runUser="williamrego-PC\william.rego" xmlns="http://microsoft.com/schemas/VisualStudio/TeamTest/2010">
  <TestSettings name="Local" id="8743e5cd-3118-4090-b673-81fef66ddb03">
    <Description>These are default test settings for a local test run.</Description>
    <Deployment enabled="false" runDeploymentRoot="william.rego_WILLIAMREGO-PC 2012-11-16 01_08_30">
      <DeploymentItem filename="C:\WILLIAM\GITHUB\INFNET\ProjetoInfnetPOO\Infnet\Infnet.EngSoft.SistemaBancario.Modelo\bin\Debug\Infnet.EngSoft.SistemaBancario.Modelo.dll" />
      <DeploymentItem filename="C:\WILLIAM\GITHUB\INFNET\ProjetoInfnetPOO\Infnet\Infnet.EngSoft.SistemaBancario.Model.Teste\bin\Debug\Infnet.EngSoft.SistemaBancario.Model.Teste.dll" />
      <DeploymentItem filename="C:\WILLIAM\GITHUB\INFNET\ProjetoInfnetPOO\Infnet\Infnet.EngSoft.SistemaBancario.Servicos\bin\Debug\Infnet.EngSoft.SistemaBancario.Servicos.dll" />
      <DeploymentItem filename="C:\WILLIAM\GITHUB\INFNET\ProjetoInfnetPOO\Infnet\packages\NUnit.2.6.2\lib\nunit.framework.dll" />
      <DeploymentItem filename="C:\WILLIAM\GITHUB\INFNET\ProjetoInfnetPOO\Infnet\Infnet.EngSoft.SistemaBancario.Repositorio\bin\Debug\Infnet.EngSoft.SistemaBancario.Repositorio.dll" />
    </Deployment>
    <Execution>
      <TestTypeSpecific />
      <AgentRule name="Execution Agents">
      </AgentRule>
    </Execution>
  </TestSettings>
  <Times creation="2012-11-16T01:08:30.6678318-02:00" queuing="2012-11-16T01:08:30.7088341-02:00" start="2012-11-16T01:08:30.7228349-02:00" finish="2012-11-16T01:08:31.0758551-02:00" />
  <ResultSummary outcome="Inconclusive">
    <Counters total="4" executed="4" error="0" failed="0" timeout="0" aborted="0" inconclusive="4" passedButRunAborted="0" notRunnable="0" notExecuted="0" disconnected="0" warning="0" passed="0" completed="0" inProgress="0" pending="0" />
  </ResultSummary>
  <TestDefinitions>
    <UnitTest name="testar_saque_transacoesBancariasTest" storage="c:\william\github\infnet\projetoinfnetpoo\infnet\projetodeteste\bin\debug\projetodeteste.dll" id="31f3c81a-2508-336d-76cd-7331d6f5a009">
      <Execution id="2f8c971d-cb23-43d8-9f3b-fac9dc65d0d1" />
      <TestMethod codeBase="C:/WILLIAM/GITHUB/INFNET/ProjetoInfnetPOO/Infnet/ProjetoDeTeste/bin/Debug/ProjetoDeTeste.DLL" adapterTypeName="Microsoft.VisualStudio.TestTools.TestTypes.Unit.UnitTestAdapter, Microsoft.VisualStudio.QualityTools.Tips.UnitTest.Adapter, Version=10.0.0.0, Culture=neutral, PublicKeyToken=b03f5f7f11d50a3a" className="Infnet.EngSoft.SistemaBancario.ProjetoDeTeste.SaqueTestesTest, ProjetoDeTeste, Version=1.0.0.0, Culture=neutral, PublicKeyToken=null" name="testar_saque_transacoesBancariasTest" />
    </UnitTest>
    <UnitTest name="testar_saqueTest" storage="c:\william\github\infnet\projetoinfnetpoo\infnet\projetodeteste\bin\debug\projetodeteste.dll" id="2ddb5bb1-6a1d-ea9b-5736-64fe8dc1a2d9">
      <Execution id="504aaf27-9a13-429d-87f1-40c6ea4abd93" />
      <TestMethod codeBase="C:/WILLIAM/GITHUB/INFNET/ProjetoInfnetPOO/Infnet/ProjetoDeTeste/bin/Debug/ProjetoDeTeste.DLL" adapterTypeName="Microsoft.VisualStudio.TestTools.TestTypes.Unit.UnitTestAdapter, Microsoft.VisualStudio.QualityTools.Tips.UnitTest.Adapter, Version=10.0.0.0, Culture=neutral, PublicKeyToken=b03f5f7f11d50a3a" className="Infnet.EngSoft.SistemaBancario.ProjetoDeTeste.SaqueTestesTest, ProjetoDeTeste, Version=1.0.0.0, Culture=neutral, PublicKeyToken=null" name="testar_saqueTest" />
    </UnitTest>
    <UnitTest name="SaqueTestesConstructorTest" storage="c:\william\github\infnet\projetoinfnetpoo\infnet\projetodeteste\bin\debug\projetodeteste.dll" id="d75d2f60-cb08-792c-c9d2-728ef6e70223">
      <Execution id="f5866523-9cbc-46c0-8379-959b7fa294f4" />
      <TestMethod codeBase="C:/WILLIAM/GITHUB/INFNET/ProjetoInfnetPOO/Infnet/ProjetoDeTeste/bin/Debug/ProjetoDeTeste.DLL" adapterTypeName="Microsoft.VisualStudio.TestTools.TestTypes.Unit.UnitTestAdapter, Microsoft.VisualStudio.QualityTools.Tips.UnitTest.Adapter, Version=10.0.0.0, Culture=neutral, PublicKeyToken=b03f5f7f11d50a3a" className="Infnet.EngSoft.SistemaBancario.ProjetoDeTeste.SaqueTestesTest, ProjetoDeTeste, Version=1.0.0.0, Culture=neutral, PublicKeyToken=null" name="SaqueTestesConstructorTest" />
    </UnitTest>
    <UnitTest name="testar_saque_transacoesBancarias1Test" storage="c:\william\github\infnet\projetoinfnetpoo\infnet\projetodeteste\bin\debug\projetodeteste.dll" id="65b0db95-f32b-7878-7f22-75916c041c38">
      <Execution id="57a6dbf5-9d40-411c-82a0-c1103f1f004d" />
      <TestMethod codeBase="C:/WILLIAM/GITHUB/INFNET/ProjetoInfnetPOO/Infnet/ProjetoDeTeste/bin/Debug/ProjetoDeTeste.DLL" adapterTypeName="Microsoft.VisualStudio.TestTools.TestTypes.Unit.UnitTestAdapter, Microsoft.VisualStudio.QualityTools.Tips.UnitTest.Adapter, Version=10.0.0.0, Culture=neutral, PublicKeyToken=b03f5f7f11d50a3a" className="Infnet.EngSoft.SistemaBancario.ProjetoDeTeste.SaqueTestesTest, ProjetoDeTeste, Version=1.0.0.0, Culture=neutral, PublicKeyToken=null" name="testar_saque_transacoesBancarias1Test" />
    </UnitTest>
  </TestDefinitions>
  <TestLists>
    <TestList name="Results Not in a List" id="8c84fa94-04c1-424b-9868-57a2d4851a1d" />
    <TestList name="All Loaded Results" id="19431567-8539-422a-85d7-44ee4e166bda" />
  </TestLists>
  <TestEntries>
    <TestEntry testId="2ddb5bb1-6a1d-ea9b-5736-64fe8dc1a2d9" executionId="504aaf27-9a13-429d-87f1-40c6ea4abd93" testListId="8c84fa94-04c1-424b-9868-57a2d4851a1d" />
    <TestEntry testId="31f3c81a-2508-336d-76cd-7331d6f5a009" executionId="2f8c971d-cb23-43d8-9f3b-fac9dc65d0d1" testListId="8c84fa94-04c1-424b-9868-57a2d4851a1d" />
    <TestEntry testId="65b0db95-f32b-7878-7f22-75916c041c38" executionId="57a6dbf5-9d40-411c-82a0-c1103f1f004d" testListId="8c84fa94-04c1-424b-9868-57a2d4851a1d" />
    <TestEntry testId="d75d2f60-cb08-792c-c9d2-728ef6e70223" executionId="f5866523-9cbc-46c0-8379-959b7fa294f4" testListId="8c84fa94-04c1-424b-9868-57a2d4851a1d" />
  </TestEntries>
  <Results>
    <UnitTestResult executionId="504aaf27-9a13-429d-87f1-40c6ea4abd93" testId="2ddb5bb1-6a1d-ea9b-5736-64fe8dc1a2d9" testName="testar_saqueTest" computerName="WILLIAMREGO-PC" duration="00:00:00.0495800" startTime="2012-11-16T01:08:30.7328355-02:00" endTime="2012-11-16T01:08:31.0268523-02:00" testType="13cdc9d9-ddb5-4fa4-a97d-d965ccfc6d4b" outcome="Inconclusive" testListId="8c84fa94-04c1-424b-9868-57a2d4851a1d" relativeResultsDirectory="504aaf27-9a13-429d-87f1-40c6ea4abd93">
      <Output>
        <ErrorInfo>
          <Message>Assert.Inconclusive failed. A method that does not return a value cannot be verified.</Message>
          <StackTrace>   at Infnet.EngSoft.SistemaBancario.ProjetoDeTeste.SaqueTestesTest.testar_saqueTest() in C:\WILLIAM\GITHUB\INFNET\ProjetoInfnetPOO\Infnet\ProjetoDeTeste\SaqueTestesTest.cs:line 96
</StackTrace>
        </ErrorInfo>
      </Output>
    </UnitTestResult>
    <UnitTestResult executionId="2f8c971d-cb23-43d8-9f3b-fac9dc65d0d1" testId="31f3c81a-2508-336d-76cd-7331d6f5a009" testName="testar_saque_transacoesBancariasTest" computerName="WILLIAMREGO-PC" duration="00:00:00.0028660" startTime="2012-11-16T01:08:31.0288524-02:00" endTime="2012-11-16T01:08:31.0348528-02:00" testType="13cdc9d9-ddb5-4fa4-a97d-d965ccfc6d4b" outcome="Inconclusive" testListId="8c84fa94-04c1-424b-9868-57a2d4851a1d" relativeResultsDirectory="2f8c971d-cb23-43d8-9f3b-fac9dc65d0d1">
      <Output>
        <ErrorInfo>
          <Message>Assert.Inconclusive failed. A method that does not return a value cannot be verified.</Message>
          <StackTrace>   at Infnet.EngSoft.SistemaBancario.ProjetoDeTeste.SaqueTestesTest.testar_saque_transacoesBancariasTest() in C:\WILLIAM\GITHUB\INFNET\ProjetoInfnetPOO\Infnet\ProjetoDeTeste\SaqueTestesTest.cs:line 75
</StackTrace>
        </ErrorInfo>
      </Output>
    </UnitTestResult>
    <UnitTestResult executionId="57a6dbf5-9d40-411c-82a0-c1103f1f004d" testId="65b0db95-f32b-7878-7f22-75916c041c38" testName="testar_saque_transacoesBancarias1Test" computerName="WILLIAMREGO-PC" duration="00:00:00.0097131" startTime="2012-11-16T01:08:31.0378529-02:00" endTime="2012-11-16T01:08:31.0508537-02:00" testType="13cdc9d9-ddb5-4fa4-a97d-d965ccfc6d4b" outcome="Inconclusive" testListId="8c84fa94-04c1-424b-9868-57a2d4851a1d" relativeResultsDirectory="57a6dbf5-9d40-411c-82a0-c1103f1f004d">
      <Output>
        <ErrorInfo>
          <Message>Assert.Inconclusive failed. A method that does not return a value cannot be verified.</Message>
          <StackTrace>   at Infnet.EngSoft.SistemaBancario.ProjetoDeTeste.SaqueTestesTest.testar_saque_transacoesBancarias1Test() in C:\WILLIAM\GITHUB\INFNET\ProjetoInfnetPOO\Infnet\ProjetoDeTeste\SaqueTestesTest.cs:line 107
</StackTrace>
        </ErrorInfo>
      </Output>
    </UnitTestResult>
    <UnitTestResult executionId="f5866523-9cbc-46c0-8379-959b7fa294f4" testId="d75d2f60-cb08-792c-c9d2-728ef6e70223" testName="SaqueTestesConstructorTest" computerName="WILLIAMREGO-PC" duration="00:00:00.0007166" startTime="2012-11-16T01:08:31.0538539-02:00" endTime="2012-11-16T01:08:31.0578541-02:00" testType="13cdc9d9-ddb5-4fa4-a97d-d965ccfc6d4b" outcome="Inconclusive" testListId="8c84fa94-04c1-424b-9868-57a2d4851a1d" relativeResultsDirectory="f5866523-9cbc-46c0-8379-959b7fa294f4">
      <Output>
        <ErrorInfo>
          <Message>Assert.Inconclusive failed. TODO: Implement code to verify target</Message>
          <StackTrace>   at Infnet.EngSoft.SistemaBancario.ProjetoDeTeste.SaqueTestesTest.SaqueTestesConstructorTest() in C:\WILLIAM\GITHUB\INFNET\ProjetoInfnetPOO\Infnet\ProjetoDeTeste\SaqueTestesTest.cs:line 85
</StackTrace>
        </ErrorInfo>
      </Output>
    </UnitTestResult>
  </Results>
</TestRun>