<?xml version="1.0" encoding="UTF-8"?>
<TestRun id="d2a98c35-00bb-456f-8670-96dc225f1193" name="william.rego@WILLIAMREGO-PC 2012-11-16 01:21:24" runUser="williamrego-PC\william.rego" xmlns="http://microsoft.com/schemas/VisualStudio/TeamTest/2010">
  <TestSettings name="Local" id="8743e5cd-3118-4090-b673-81fef66ddb03">
    <Description>These are default test settings for a local test run.</Description>
    <Deployment enabled="false" runDeploymentRoot="william.rego_WILLIAMREGO-PC 2012-11-16 01_21_24">
      <DeploymentItem filename="C:\WILLIAM\GITHUB\INFNET\ProjetoInfnetPOO\Infnet\Infnet.EngSoft.SistemaBancario.Modelo\bin\Debug\Infnet.EngSoft.SistemaBancario.Modelo.dll" />
      <DeploymentItem filename="C:\WILLIAM\GITHUB\INFNET\ProjetoInfnetPOO\Infnet\Infnet.EngSoft.SistemaBancario.Model.Teste\bin\Debug\Infnet.EngSoft.SistemaBancario.Model.Teste.dll" />
      <DeploymentItem filename="C:\WILLIAM\GITHUB\INFNET\ProjetoInfnetPOO\Infnet\Infnet.EngSoft.SistemaBancario.Servicos\bin\Debug\Infnet.EngSoft.SistemaBancario.Servicos.dll" />
      <DeploymentItem filename="C:\WILLIAM\GITHUB\INFNET\ProjetoInfnetPOO\Infnet\packages\NUnit.2.6.2\lib\nunit.framework.dll" />
      <DeploymentItem filename="C:\WILLIAM\GITHUB\INFNET\ProjetoInfnetPOO\Infnet\Infnet.EngSoft.SistemaBancario.Repositorio\bin\Debug\Infnet.EngSoft.SistemaBancario.Repositorio.dll" />
    </Deployment>
    <Execution>
      <TestTypeSpecific />
      <AgentRule name="Execution Agents">
      </AgentRule>
    </Execution>
  </TestSettings>
  <Times creation="2012-11-16T01:21:24.8891147-02:00" queuing="2012-11-16T01:21:25.0181221-02:00" start="2012-11-16T01:21:25.0371232-02:00" finish="2012-11-16T01:21:25.3561414-02:00" />
  <ResultSummary outcome="Inconclusive">
    <Counters total="4" executed="4" error="0" failed="0" timeout="0" aborted="0" inconclusive="4" passedButRunAborted="0" notRunnable="0" notExecuted="0" disconnected="0" warning="0" passed="0" completed="0" inProgress="0" pending="0" />
  </ResultSummary>
  <TestDefinitions>
    <UnitTest name="testar_saque_transacoesBancariasTest" storage="c:\william\github\infnet\projetoinfnetpoo\infnet\projetodeteste\bin\debug\projetodeteste.dll" id="31f3c81a-2508-336d-76cd-7331d6f5a009">
      <Execution id="928a4b43-8a4f-4972-b183-159007d5084a" />
      <TestMethod codeBase="C:/WILLIAM/GITHUB/INFNET/ProjetoInfnetPOO/Infnet/ProjetoDeTeste/bin/Debug/ProjetoDeTeste.DLL" adapterTypeName="Microsoft.VisualStudio.TestTools.TestTypes.Unit.UnitTestAdapter, Microsoft.VisualStudio.QualityTools.Tips.UnitTest.Adapter, Version=10.0.0.0, Culture=neutral, PublicKeyToken=b03f5f7f11d50a3a" className="Infnet.EngSoft.SistemaBancario.ProjetoDeTeste.SaqueTestesTest, ProjetoDeTeste, Version=1.0.0.0, Culture=neutral, PublicKeyToken=null" name="testar_saque_transacoesBancariasTest" />
    </UnitTest>
    <UnitTest name="testar_saqueTest" storage="c:\william\github\infnet\projetoinfnetpoo\infnet\projetodeteste\bin\debug\projetodeteste.dll" id="2ddb5bb1-6a1d-ea9b-5736-64fe8dc1a2d9">
      <Execution id="3958b64c-0eb3-4b00-a904-a849747dfd2d" />
      <TestMethod codeBase="C:/WILLIAM/GITHUB/INFNET/ProjetoInfnetPOO/Infnet/ProjetoDeTeste/bin/Debug/ProjetoDeTeste.DLL" adapterTypeName="Microsoft.VisualStudio.TestTools.TestTypes.Unit.UnitTestAdapter, Microsoft.VisualStudio.QualityTools.Tips.UnitTest.Adapter, Version=10.0.0.0, Culture=neutral, PublicKeyToken=b03f5f7f11d50a3a" className="Infnet.EngSoft.SistemaBancario.ProjetoDeTeste.SaqueTestesTest, ProjetoDeTeste, Version=1.0.0.0, Culture=neutral, PublicKeyToken=null" name="testar_saqueTest" />
    </UnitTest>
    <UnitTest name="SaqueTestesConstructorTest" storage="c:\william\github\infnet\projetoinfnetpoo\infnet\projetodeteste\bin\debug\projetodeteste.dll" id="d75d2f60-cb08-792c-c9d2-728ef6e70223">
      <Execution id="40a8ee8f-f199-465a-adf1-a34b702462d8" />
      <TestMethod codeBase="C:/WILLIAM/GITHUB/INFNET/ProjetoInfnetPOO/Infnet/ProjetoDeTeste/bin/Debug/ProjetoDeTeste.DLL" adapterTypeName="Microsoft.VisualStudio.TestTools.TestTypes.Unit.UnitTestAdapter, Microsoft.VisualStudio.QualityTools.Tips.UnitTest.Adapter, Version=10.0.0.0, Culture=neutral, PublicKeyToken=b03f5f7f11d50a3a" className="Infnet.EngSoft.SistemaBancario.ProjetoDeTeste.SaqueTestesTest, ProjetoDeTeste, Version=1.0.0.0, Culture=neutral, PublicKeyToken=null" name="SaqueTestesConstructorTest" />
    </UnitTest>
    <UnitTest name="testar_saque_transacoesBancarias1Test" storage="c:\william\github\infnet\projetoinfnetpoo\infnet\projetodeteste\bin\debug\projetodeteste.dll" id="65b0db95-f32b-7878-7f22-75916c041c38">
      <Execution id="153126be-bfdb-4403-9bcb-cb7d163ad33a" />
      <TestMethod codeBase="C:/WILLIAM/GITHUB/INFNET/ProjetoInfnetPOO/Infnet/ProjetoDeTeste/bin/Debug/ProjetoDeTeste.DLL" adapterTypeName="Microsoft.VisualStudio.TestTools.TestTypes.Unit.UnitTestAdapter, Microsoft.VisualStudio.QualityTools.Tips.UnitTest.Adapter, Version=10.0.0.0, Culture=neutral, PublicKeyToken=b03f5f7f11d50a3a" className="Infnet.EngSoft.SistemaBancario.ProjetoDeTeste.SaqueTestesTest, ProjetoDeTeste, Version=1.0.0.0, Culture=neutral, PublicKeyToken=null" name="testar_saque_transacoesBancarias1Test" />
    </UnitTest>
  </TestDefinitions>
  <TestLists>
    <TestList name="Results Not in a List" id="8c84fa94-04c1-424b-9868-57a2d4851a1d" />
    <TestList name="All Loaded Results" id="19431567-8539-422a-85d7-44ee4e166bda" />
  </TestLists>
  <TestEntries>
    <TestEntry testId="2ddb5bb1-6a1d-ea9b-5736-64fe8dc1a2d9" executionId="3958b64c-0eb3-4b00-a904-a849747dfd2d" testListId="8c84fa94-04c1-424b-9868-57a2d4851a1d" />
    <TestEntry testId="31f3c81a-2508-336d-76cd-7331d6f5a009" executionId="928a4b43-8a4f-4972-b183-159007d5084a" testListId="8c84fa94-04c1-424b-9868-57a2d4851a1d" />
    <TestEntry testId="65b0db95-f32b-7878-7f22-75916c041c38" executionId="153126be-bfdb-4403-9bcb-cb7d163ad33a" testListId="8c84fa94-04c1-424b-9868-57a2d4851a1d" />
    <TestEntry testId="d75d2f60-cb08-792c-c9d2-728ef6e70223" executionId="40a8ee8f-f199-465a-adf1-a34b702462d8" testListId="8c84fa94-04c1-424b-9868-57a2d4851a1d" />
  </TestEntries>
  <Results>
    <UnitTestResult executionId="3958b64c-0eb3-4b00-a904-a849747dfd2d" testId="2ddb5bb1-6a1d-ea9b-5736-64fe8dc1a2d9" testName="testar_saqueTest" computerName="WILLIAMREGO-PC" duration="00:00:00.0460933" startTime="2012-11-16T01:21:25.0421235-02:00" endTime="2012-11-16T01:21:25.2991382-02:00" testType="13cdc9d9-ddb5-4fa4-a97d-d965ccfc6d4b" outcome="Inconclusive" testListId="8c84fa94-04c1-424b-9868-57a2d4851a1d" relativeResultsDirectory="3958b64c-0eb3-4b00-a904-a849747dfd2d">
      <Output>
        <ErrorInfo>
          <Message>Assert.Inconclusive failed. A method that does not return a value cannot be verified.</Message>
          <StackTrace>   at Infnet.EngSoft.SistemaBancario.ProjetoDeTeste.SaqueTestesTest.testar_saqueTest() in C:\WILLIAM\GITHUB\INFNET\ProjetoInfnetPOO\Infnet\ProjetoDeTeste\SaqueTestesTest.cs:line 96
</StackTrace>
        </ErrorInfo>
      </Output>
    </UnitTestResult>
    <UnitTestResult executionId="928a4b43-8a4f-4972-b183-159007d5084a" testId="31f3c81a-2508-336d-76cd-7331d6f5a009" testName="testar_saque_transacoesBancariasTest" computerName="WILLIAMREGO-PC" duration="00:00:00.0053353" startTime="2012-11-16T01:21:25.3031384-02:00" endTime="2012-11-16T01:21:25.3131390-02:00" testType="13cdc9d9-ddb5-4fa4-a97d-d965ccfc6d4b" outcome="Inconclusive" testListId="8c84fa94-04c1-424b-9868-57a2d4851a1d" relativeResultsDirectory="928a4b43-8a4f-4972-b183-159007d5084a">
      <Output>
        <ErrorInfo>
          <Message>Assert.Inconclusive failed. A method that does not return a value cannot be verified.</Message>
          <StackTrace>   at Infnet.EngSoft.SistemaBancario.ProjetoDeTeste.SaqueTestesTest.testar_saque_transacoesBancariasTest() in C:\WILLIAM\GITHUB\INFNET\ProjetoInfnetPOO\Infnet\ProjetoDeTeste\SaqueTestesTest.cs:line 75
</StackTrace>
        </ErrorInfo>
      </Output>
    </UnitTestResult>
    <UnitTestResult executionId="153126be-bfdb-4403-9bcb-cb7d163ad33a" testId="65b0db95-f32b-7878-7f22-75916c041c38" testName="testar_saque_transacoesBancarias1Test" computerName="WILLIAMREGO-PC" duration="00:00:00.0127465" startTime="2012-11-16T01:21:25.3161391-02:00" endTime="2012-11-16T01:21:25.3311400-02:00" testType="13cdc9d9-ddb5-4fa4-a97d-d965ccfc6d4b" outcome="Inconclusive" testListId="8c84fa94-04c1-424b-9868-57a2d4851a1d" relativeResultsDirectory="153126be-bfdb-4403-9bcb-cb7d163ad33a">
      <Output>
        <ErrorInfo>
          <Message>Assert.Inconclusive failed. A method that does not return a value cannot be verified.</Message>
          <StackTrace>   at Infnet.EngSoft.SistemaBancario.ProjetoDeTeste.SaqueTestesTest.testar_saque_transacoesBancarias1Test() in C:\WILLIAM\GITHUB\INFNET\ProjetoInfnetPOO\Infnet\ProjetoDeTeste\SaqueTestesTest.cs:line 107
</StackTrace>
        </ErrorInfo>
      </Output>
    </UnitTestResult>
    <UnitTestResult executionId="40a8ee8f-f199-465a-adf1-a34b702462d8" testId="d75d2f60-cb08-792c-c9d2-728ef6e70223" testName="SaqueTestesConstructorTest" computerName="WILLIAMREGO-PC" duration="00:00:00.0006657" startTime="2012-11-16T01:21:25.3341402-02:00" endTime="2012-11-16T01:21:25.3371403-02:00" testType="13cdc9d9-ddb5-4fa4-a97d-d965ccfc6d4b" outcome="Inconclusive" testListId="8c84fa94-04c1-424b-9868-57a2d4851a1d" relativeResultsDirectory="40a8ee8f-f199-465a-adf1-a34b702462d8">
      <Output>
        <ErrorInfo>
          <Message>Assert.Inconclusive failed. TODO: Implement code to verify target</Message>
          <StackTrace>   at Infnet.EngSoft.SistemaBancario.ProjetoDeTeste.SaqueTestesTest.SaqueTestesConstructorTest() in C:\WILLIAM\GITHUB\INFNET\ProjetoInfnetPOO\Infnet\ProjetoDeTeste\SaqueTestesTest.cs:line 85
</StackTrace>
        </ErrorInfo>
      </Output>
    </UnitTestResult>
  </Results>
</TestRun>